[mrg] building bitstream...
[mrg] complete...
✓ ready · pigweedsat_table3 on fpga1 · 813.2s
landed on fpga1, user clock 65 MHz
--- hls
  out of clause memory hole7: res=-4 golden=-4 2,928,962 cycles = 45.061 ms @65MHz  dec=1231 confl=895 (paper SA 125 ms, SAT-Hard 330 ms)
  out of clause memory hole8: res=-4 golden=-4 1,834,603 cycles = 28.225 ms @65MHz  dec=861 confl=572 (paper SA 691 ms, SAT-Hard 2270 ms)
  out of clause memory hole9: res=-4 golden=-4 1,258,283 cycles = 19.358 ms @65MHz  dec=652 confl=393 (paper SA None ms, SAT-Hard 15290 ms)
                    ok uf100-010: res=1 golden=1 312,016 cycles = 4.800 ms @65MHz  dec=253 confl=181 (paper SA 1 ms, SAT-Hard 580 ms)
                    ok uuf100-02: res=0 golden=0 1,147,970 cycles = 17.661 ms @65MHz  dec=712 confl=568 (paper SA 4 ms, SAT-Hard 4940 ms)
                    ok uf125-01: res=1 golden=1 764,990 cycles = 11.769 ms @65MHz  dec=492 confl=374 (paper SA 4 ms, SAT-Hard 1160 ms)
                    ok uuf125-05: res=0 golden=0 2,692,321 cycles = 41.420 ms @65MHz  dec=1366 confl=1088 (paper SA 7 ms, SAT-Hard 4900 ms)
                    ok uf150-08: res=1 golden=1 3,435,060 cycles = 52.847 ms @65MHz  dec=1477 confl=1151 (paper SA 1 ms, SAT-Hard 3920 ms)
                    ok CBS_k3_n100_m403_b10_1: res=1 golden=1 427,265 cycles = 6.573 ms @65MHz  dec=321 confl=238 (paper SA 2 ms, SAT-Hard 2340 ms)
                    ok aim-200-3_4-yes1-4: res=1 golden=1 277,747 cycles = 4.273 ms @65MHz  dec=436 confl=173 (paper SA 4 ms, SAT-Hard 1200 ms)
                    ok aim-200-1_6-no-4: res=0 golden=0 25,231 cycles = 0.388 ms @65MHz  dec=236 confl=24 (paper SA 0.3 ms, SAT-Hard 10 ms)
SKIP ii16e2: 7825 clauses > C_MAX 4096
                    ok ii32e1: res=1 golden=1 16,496 cycles = 0.254 ms @65MHz  dec=41 confl=1 (paper SA 0.1 ms, SAT-Hard 20 ms)
wrote /Users/christianscaff/Documents/Academics/Columbia/Barnard-PL-Lab/Fall 2026/PigWeedSAT/build/table3_hw.json
--- pigweed
                    ok hole7: res=0 golden=0 21,233,778 cycles = 326.674 ms @65MHz  dec=6317 confl=4569 (paper SA 125 ms, SAT-Hard 330 ms)
Traceback (most recent call last):
  File "/Users/christianscaff/Documents/Academics/Columbia/Barnard-PL-Lab/Fall 2026/PigWeedSAT/.venv/bin/mrg", line 9, in <module>
    sys.exit(main())
             ~~~~^^
  File "/Users/christianscaff/Documents/Academics/Columbia/Barnard-PL-Lab/Fall 2026/PigWeedSAT/.venv/lib/python3.13/site-packages/manhattan_reasoning_gym/_cli.py", line 546, in main
    dispatch[args.cmd](args)
    ~~~~~~~~~~~~~~~~~~^^^^^^
  File "/Users/christianscaff/Documents/Academics/Columbia/Barnard-PL-Lab/Fall 2026/PigWeedSAT/.venv/lib/python3.13/site-packages/manhattan_reasoning_gym/_cli.py", line 226, in cmd_run
    app._entrypoint()
    ~~~~~~~~~~~~~~~^^
  File "/Users/christianscaff/Documents/Academics/Columbia/Barnard-PL-Lab/Fall 2026/PigWeedSAT/bench_table3.py", line 64, in main
    rows.append(run_one(bus, mode, *t))
                ~~~~~~~^^^^^^^^^^^^^^^
  File "/Users/christianscaff/Documents/Academics/Columbia/Barnard-PL-Lab/Fall 2026/PigWeedSAT/bench_table3.py", line 89, in run_one
    res, stats, model = DRV.solve(bus, img, timeout=600)
                        ~~~~~~~~~^^^^^^^^^^^^^^^^^^^^^^^
  File "/Users/christianscaff/Documents/Academics/Columbia/Barnard-PL-Lab/Fall 2026/PigWeedSAT/satlat/driver.py", line 91, in solve
    check_caps(bus, img)
    ~~~~~~~~~~^^^^^^^^^^
  File "/Users/christianscaff/Documents/Academics/Columbia/Barnard-PL-Lab/Fall 2026/PigWeedSAT/satlat/driver.py", line 53, in check_caps
    caps = [bus.read(D.R_CAPS + i) for i in range(8)]
            ~~~~~~~~^^^^^^^^^^^^^^
  File "/Users/christianscaff/Documents/Academics/Columbia/Barnard-PL-Lab/Fall 2026/PigWeedSAT/satlat/driver.py", line 130, in read
    return self.s.read(4 * word)
           ~~~~~~~~~~~^^^^^^^^^^
  File "/Users/christianscaff/Documents/Academics/Columbia/Barnard-PL-Lab/Fall 2026/PigWeedSAT/.venv/lib/python3.13/site-packages/manhattan_reasoning_gym/_client.py", line 383, in read
    response = self._transact(request)
  File "/Users/christianscaff/Documents/Academics/Columbia/Barnard-PL-Lab/Fall 2026/PigWeedSAT/.venv/lib/python3.13/site-packages/manhattan_reasoning_gym/_client.py", line 390, in _transact
    raw = self._conn.recv()
  File "/Users/christianscaff/Documents/Academics/Columbia/Barnard-PL-Lab/Fall 2026/PigWeedSAT/.venv/lib/python3.13/site-packages/websockets/sync/connection.py", line 342, in recv
    raise self.protocol.close_exc from self.recv_exc
websockets.exceptions.ConnectionClosedError: received 4409 (private use) FPGA is busy with a run job; then sent 4409 (private use) FPGA is busy with a run job
EXIT 1
